P-CAD Schematic ASCII File Export Log :
      Information : Start export of symbol definitions for parts
      Warning :     Symbol name [ch342f], mode [Normal], part [1] changed to [ch342f_1_N]
      Warning :     Round rectangle [-600mil : -600mil]-[600mil : 600mil] exported as lines.
      Information : End export of symbol definitions for part
      Information : Start exporting the symbol definitions for power ports
      Warning :     End exporting the symbol defintions for power ports
      Information : Start exporting component definitions
      Warning :     Component [U?] in sheet [C:\Users\anand\AppData\Local\Temp\Qjz57B9.tmp] doesn't have a library reference
      Warning :        Exporting component (ch342f).
      Warning :     Component [ch342f] changed to [CH342F]
      Warning :        Finish exporting component.
      Warning :     Component [U?] in sheet [C:\Users\anand\AppData\Local\Temp\Qjz57B9.tmp] doesn't have a library reference
      Information : End exporting component definitions
      Information : Start exporting component definitions for power ports
      Warning :     End exporting component definitions for powerports
      Information : Start export of netlist
      Information : Start export of component instances
      Information : End export of component instances
      Information : Start export of nets
      Information : End export of nets
      Information : End export of netlist
      Information : Start exporting the objects for sheet [Sheet1]
      Information : Start WIRES export
      Information : End WIRES export
      Information : Start BUSES export
      Information : End BUSES export
      Information : Start PORTS export
      Information : End PORTS export
      Warning :     P-CAD doesn't support object type [Parameter]
      Warning :     P-CAD doesn't support object type [Parameter]
      Warning :     P-CAD doesn't support object type [Parameter]
      Warning :     P-CAD doesn't support object type [Parameter]
      Warning :     P-CAD doesn't support object type [Parameter]
      Warning :     P-CAD doesn't support object type [Parameter]
      Warning :     P-CAD doesn't support object type [Parameter]
      Warning :     P-CAD doesn't support object type [Parameter]
      Warning :     P-CAD doesn't support object type [Parameter]
      Warning :     P-CAD doesn't support object type [Parameter]
      Warning :     P-CAD doesn't support object type [Parameter]
      Warning :     P-CAD doesn't support object type [Parameter]
      Warning :     P-CAD doesn't support object type [Parameter]
      Warning :     P-CAD doesn't support object type [Parameter]
      Warning :     P-CAD doesn't support object type [Parameter]
      Warning :     P-CAD doesn't support object type [Parameter]
      Warning :     P-CAD doesn't support object type [Parameter]
      Warning :     P-CAD doesn't support object type [Parameter]
      Warning :     P-CAD doesn't support object type [Parameter]
      Warning :     P-CAD doesn't support object type [Parameter]
      Warning :     P-CAD doesn't support object type [Parameter]
      Warning :     P-CAD doesn't support object type [Parameter]
      Warning :     P-CAD doesn't support object type [Parameter]
      Warning :     P-CAD doesn't support object type [Parameter]
      Warning :     P-CAD doesn't support object type [Parameter]
      Warning :     P-CAD doesn't support object type [Parameter]
      Warning :     P-CAD doesn't support object type [Parameter]
      Information : End exporting the objects for sheet [Sheet1]
      Information : Start exporting the objects for sheet [CH342F]
      Information : Start WIRES export
      Information : End WIRES export
      Information : Start BUSES export
      Information : End BUSES export
      Information : Start PORTS export
      Information : End PORTS export
      Warning :     P-CAD doesn't support object type [Parameter]
      Warning :     P-CAD doesn't support object type [Parameter]
      Warning :     P-CAD doesn't support object type [Parameter]
      Warning :     P-CAD doesn't support object type [Parameter]
      Warning :     P-CAD doesn't support object type [Parameter]
      Warning :     P-CAD doesn't support object type [Parameter]
      Warning :     P-CAD doesn't support object type [Parameter]
      Warning :     P-CAD doesn't support object type [Parameter]
      Warning :     P-CAD doesn't support object type [Parameter]
      Warning :     P-CAD doesn't support object type [Parameter]
      Warning :     P-CAD doesn't support object type [Parameter]
      Warning :     P-CAD doesn't support object type [Parameter]
      Warning :     P-CAD doesn't support object type [Parameter]
      Warning :     P-CAD doesn't support object type [Parameter]
      Warning :     P-CAD doesn't support object type [Parameter]
      Warning :     P-CAD doesn't support object type [Parameter]
      Warning :     P-CAD doesn't support object type [Parameter]
      Warning :     P-CAD doesn't support object type [Parameter]
      Warning :     P-CAD doesn't support object type [Parameter]
      Warning :     P-CAD doesn't support object type [Parameter]
      Warning :     P-CAD doesn't support object type [Parameter]
      Warning :     P-CAD doesn't support object type [Parameter]
      Warning :     P-CAD doesn't support object type [Parameter]
      Warning :     P-CAD doesn't support object type [Parameter]
      Warning :     P-CAD doesn't support object type [Parameter]
      Warning :     P-CAD doesn't support object type [Parameter]
      Warning :     P-CAD doesn't support object type [Parameter]
      Information : End exporting the objects for sheet [CH342F]
      Information : Start exporting the objects for sheet [CH342F]
      Information : Start WIRES export
      Information : End WIRES export
      Information : Start BUSES export
      Information : End BUSES export
      Information : Start PORTS export
      Information : End PORTS export
      Warning :     P-CAD doesn't support object type [Parameter]
      Warning :     P-CAD doesn't support object type [Parameter]
      Warning :     P-CAD doesn't support object type [Parameter]
      Warning :     P-CAD doesn't support object type [Parameter]
      Warning :     P-CAD doesn't support object type [Parameter]
      Warning :     P-CAD doesn't support object type [Parameter]
      Warning :     P-CAD doesn't support object type [Parameter]
      Warning :     P-CAD doesn't support object type [Parameter]
      Warning :     P-CAD doesn't support object type [Parameter]
      Warning :     P-CAD doesn't support object type [Parameter]
      Warning :     P-CAD doesn't support object type [Parameter]
      Warning :     P-CAD doesn't support object type [Parameter]
      Warning :     P-CAD doesn't support object type [Parameter]
      Warning :     P-CAD doesn't support object type [Parameter]
      Warning :     P-CAD doesn't support object type [Parameter]
      Warning :     P-CAD doesn't support object type [Parameter]
      Warning :     P-CAD doesn't support object type [Parameter]
      Warning :     P-CAD doesn't support object type [Parameter]
      Warning :     P-CAD doesn't support object type [Parameter]
      Warning :     P-CAD doesn't support object type [Parameter]
      Warning :     P-CAD doesn't support object type [Parameter]
      Warning :     P-CAD doesn't support object type [Parameter]
      Warning :     P-CAD doesn't support object type [Parameter]
      Warning :     P-CAD doesn't support object type [Parameter]
      Warning :     P-CAD doesn't support object type [Parameter]
      Warning :     P-CAD doesn't support object type [Parameter]
      Warning :     P-CAD doesn't support object type [Parameter]
      Information : End exporting the objects for sheet [CH342F]
EndLog
